Microchip MPLAB XC8 Compiler V1.41 ()

Linker command line:

-W-3 --edf=C:\Program Files (x86)\Microchip\xc8\v1.41\dat\en_msgs.txt -cs \
  -h+dist/default/production\Tank_Monitor_Level_Sensor_Unit.production.sym \
  --cmf=dist/default/production\Tank_Monitor_Level_Sensor_Unit.production.cmf \
  -z -Q18F458 -oD:\Users\Ahmed\Temp\s9o4.2 \
  -Mdist/default/production/Tank_Monitor_Level_Sensor_Unit.production.map \
  -E1 -ver=XC8 -ASTACK=0CBh-05ffh -pstack=STACK -ACODE=00h-03FFFhx2 \
  -ACONST=00h-07FFFh -ASMALLCONST=0600h-06FFhx122 \
  -AMEDIUMCONST=0600h-07FFFh -ACOMRAM=01h-05Fh -AABS1=00h-05FFh \
  -ABIGRAM=01h-05FFh -ARAM=060h-0FFh,0100h-01FFhx5 -ABANK0=060h-0FFh \
  -ABANK1=0100h-01FFh -ABANK2=0200h-02FFh -ABANK3=0300h-03FFh \
  -ABANK4=0400h-04FFh -ABANK5=0500h-05FFh -ASFR=0F00h-0F5Fh,0F60h-0FFFh \
  -preset_vec=00h,intcode=08h,intcodelo,powerup,init -pramtop=0600h \
  -psmallconst=SMALLCONST -pmediumconst=MEDIUMCONST -pconst=CONST \
  -AFARRAM=00h-00h -ACONFIG=0300000h-030000Dh -pconfig=CONFIG \
  -AIDLOC=0200000h-0200007h -pidloc=IDLOC -AEEDATA=0F00000h-0F000FFh \
  -peeprom_data=EEDATA \
  -prdata=COMRAM,nvrram=COMRAM,nvbit=COMRAM,rbss=COMRAM,rbit=COMRAM \
  -pfarbss=FARRAM,fardata=FARRAM,nvFARRAM=FARRAM \
  -pintsave_regs=BIGRAM,bigbss=BIGRAM,bigdata=BIGRAM -pbss=RAM \
  -pidata=CODE,irdata=CODE,ibigdata=CODE,ifardata=CODE -prparam=COMRAM \
  D:\Users\Ahmed\Temp\s9o4.obj \
  dist/default/production\Tank_Monitor_Level_Sensor_Unit.production.obj 

Object code version is 3.11

Machine type is 18F458

Call graph: (short form)




                Name                               Link     Load   Length Selector   Space Scale
D:\Users\Ahmed\Temp\s9o4.obj
                text                               22A8     22A8        2      30C       0
                init                                 D4       D4        4        4       0
                reset_vec                             0        0        6        0       0
                idloc                            200000   200000        8   200000       0
                config                           300000   300000        E   300000       0
dist/default/production\Tank_Monitor_Level_Sensor_Unit.production.obj
                intcode                               8        8       CC        4       0
                temp                                 50       50        1        1       1
                smallconst                          600      600       18      300       0
                text33                             21A0     21A0       3C      30C       0
                text32                             1D90     1D90       8C      30C       0
                text30                             226C     226C       12      30C       0
                text29                             187A     187A       C4      30C       0
                text28                             1794     1794       E6      30C       0
                text27                             1684     1684      110      30C       0
                text26                             1FDC     1FDC       60      30C       0
                text25                             2206     2206       28      30C       0
                text24                             193E     193E       B8      30C       0
                text23                              618      618      5F2      30C       0
                text22                              C0A      C0A      360      30C       0
                text21                             209A     209A       5C      30C       0
                text20                             229A     229A        E      30C       0
                text19                             1D04     1D04       8C      30C       0
                text18                             1BD6     1BD6       9C      30C       0
                text17                             1E98     1E98       7A      30C       0
                text16                             1492     1492      1F2      30C       0
                text15                              F6A      F6A      2E6      30C       0
                text14                             20F6     20F6       5A      30C       0
                text13                             203C     203C       5E      30C       0
                text12                             228C     228C        E      30C       0
                text11                             2254     2254       18      30C       0
                text10                             1C72     1C72       92      30C       0
                text9                              1B3A     1B3A       9C      30C       0
                text8                              1F7C     1F7C       60      30C       0
                text7                              1F12     1F12       6A      30C       0
                text6                              1A9E     1A9E       9C      30C       0
                text5                              21DC     21DC       2A      30C       0
                text4                              1E1C     1E1C       7C      30C       0
                text3                              227E     227E        E      30C       0
                text2                              2150     2150       50      30C       0
                text1                              19F6     19F6       A8      30C       0
                text0                              1250     1250      242      30C       0
                cstackCOMRAM                          1        1       35        1       1
                cstackBANK0                          60       60       49       60       1
                bssBANK0                             A9       A9       22       60       1
                bssCOMRAM                            36       36       1A        1       1
                cinit                              222E     222E       26      30C       0

TOTAL           Name                               Link     Load   Length     Space
        CLASS   STACK          

        CLASS   CODE           
                intcode                               8        8       CC         0
                text                               22A8     22A8        2         0
                init                                 D4       D4        4         0
                reset_vec                             0        0        6         0
                text33                             21A0     21A0       3C         0
                text32                             1D90     1D90       8C         0
                text30                             226C     226C       12         0
                text29                             187A     187A       C4         0
                text28                             1794     1794       E6         0
                text27                             1684     1684      110         0
                text26                             1FDC     1FDC       60         0
                text25                             2206     2206       28         0
                text24                             193E     193E       B8         0
                text23                              618      618      5F2         0
                text22                              C0A      C0A      360         0
                text21                             209A     209A       5C         0
                text20                             229A     229A        E         0
                text19                             1D04     1D04       8C         0
                text18                             1BD6     1BD6       9C         0
                text17                             1E98     1E98       7A         0
                text16                             1492     1492      1F2         0
                text15                              F6A      F6A      2E6         0
                text14                             20F6     20F6       5A         0
                text13                             203C     203C       5E         0
                text12                             228C     228C        E         0
                text11                             2254     2254       18         0
                text10                             1C72     1C72       92         0
                text9                              1B3A     1B3A       9C         0
                text8                              1F7C     1F7C       60         0
                text7                              1F12     1F12       6A         0
                text6                              1A9E     1A9E       9C         0
                text5                              21DC     21DC       2A         0
                text4                              1E1C     1E1C       7C         0
                text3                              227E     227E        E         0
                text2                              2150     2150       50         0
                text1                              19F6     19F6       A8         0
                text0                              1250     1250      242         0
                cinit                              222E     222E       26         0

        CLASS   CONST          

        CLASS   SMALLCONST     
                smallconst                          600      600       18         0

        CLASS   MEDIUMCONST    

        CLASS   COMRAM         
                temp                                 50       50        1         1
                cstackCOMRAM                          1        1       35         1
                bssCOMRAM                            36       36       1A         1

        CLASS   ABS1           

        CLASS   BIGRAM         

        CLASS   RAM            

        CLASS   BANK0          
                cstackBANK0                          60       60       49         1
                bssBANK0                             A9       A9       22         1

        CLASS   BANK1          

        CLASS   BANK2          

        CLASS   BANK3          

        CLASS   BANK4          

        CLASS   BANK5          

        CLASS   SFR            

        CLASS   FARRAM         

        CLASS   CONFIG         
                config                           300000   300000        E         0

        CLASS   IDLOC          
                idloc                            200000   200000        8         0

        CLASS   EEDATA         



SEGMENTS        Name                           Load    Length   Top    Selector   Space  Class

                reset_vec                      000000  000006  000006         0       0  CODE    
                cstackCOMRAM                   000001  000050  000051         1       1  COMRAM  
                intcode                        000008  0000D0  0000D8         4       0  CODE    
                cstackBANK0                    000060  00006B  0000CB        60       1  BANK0   
                smallconst                     000600  000018  000618       300       0  SMALLCON
                text23                         000618  001C92  0022AA       30C       0  CODE    
                idloc                          200000  000008  200008    200000       0  IDLOC   
                config                         300000  00000E  30000E    300000       0  CONFIG  


UNUSED ADDRESS RANGES

        Name                Unused          Largest block    Delta
        BANK0            0000CB-0000FF               35
        BANK1            000100-0001FF              100
        BANK2            000200-0002FF              100
        BANK3            000300-0003FF              100
        BANK4            000400-0004FF              100
        BANK5            000500-0005FF              100
        BIGRAM           000051-00005F                F
                         0000CB-0005FF              535
        CODE             000006-000007                2
                         0000D8-0005FF              528
                         0022AA-007FFF             1D56
        COMRAM           000051-00005F                F
        CONST            000006-000007                2
                         0000D8-0005FF              528
                         0022AA-007FFF             5D56
        EEDATA           F00000-F000FF              100
        MEDIUMCONST      0022AA-007FFF             5D56
        RAM              0000CB-0005FF              100
        SFR              000F00-000FFF               60
        SMALLCONST       0022AA-007FFF              100
        STACK            0000CB-0005FF              535

                                  Symbol Table

?_AvgMeasure                                                                         cstackCOMRAM 000033
?___ftdiv                                                                            cstackCOMRAM 00001B
?___ftpack                                                                           cstackCOMRAM 000010
?___fttol                                                                            cstackCOMRAM 00002A
?___lwdiv                                                                            cstackCOMRAM 000010
?___lwmod                                                                            cstackCOMRAM 000010
?___lwtoft                                                                           cstackCOMRAM 000018
AvgMeasure@average_dist                                                              cstackBANK0  000067
AvgMeasure@counter                                                                   cstackBANK0  000066
CANIntClear@type                                                                     cstackCOMRAM 000010
CANIntEnable@type                                                                    cstackCOMRAM 000010
CANIntStatus@status                                                                  cstackCOMRAM 000001
CANMessageGet@RXMsgFlag                                                              cstackCOMRAM 00001F
CANMessageGet@bClrPendingInt                                                         cstackCOMRAM 000012
CANMessageGet@data_ptr                                                               cstackCOMRAM 000017
CANMessageGet@data_ptr_977                                                           cstackCOMRAM 00001D
CANMessageGet@i                                                                      cstackCOMRAM 000013
CANMessageGet@i_975                                                                  cstackCOMRAM 000019
CANMessageGet@psMsgObject                                                            cstackCOMRAM 000010
CANMessageGet@rxBuffer_ptr                                                           cstackCOMRAM 000015
CANMessageGet@rxBuffer_ptr_976                                                       cstackCOMRAM 00001B
CANMessageSend@FrameType                                                             cstackCOMRAM 000012
CANMessageSend@TXBCON_PTR                                                            cstackCOMRAM 000027
CANMessageSend@TXBD0_PTR                                                             cstackCOMRAM 00001F
CANMessageSend@TXBDLC_PTR                                                            cstackCOMRAM 00002B
CANMessageSend@TXBEIDH_PTR                                                           cstackCOMRAM 00001B
CANMessageSend@TXBEIDL_PTR                                                           cstackCOMRAM 00001D
CANMessageSend@TXBSIDH_PTR                                                           cstackCOMRAM 000029
CANMessageSend@TXBSIDL_PTR                                                           cstackCOMRAM 00002F
CANMessageSend@TXB_BASE_ADDRESS                                                      cstackCOMRAM 00002D
CANMessageSend@data_ptr                                                              cstackCOMRAM 000025
CANMessageSend@data_reg_ptr                                                          cstackCOMRAM 000023
CANMessageSend@i                                                                     cstackCOMRAM 000021
CANMessageSend@psMsgObject                                                           cstackCOMRAM 000010
CANSetBaudRate@baudrate                                                              cstackCOMRAM 000010
CANSetFilter@FILTER_BASE_ADDRESS                                                     cstackCOMRAM 00001F
CANSetFilter@RXFEIDH_PTR                                                             cstackCOMRAM 000016
CANSetFilter@RXFEIDL_PTR                                                             cstackCOMRAM 000018
CANSetFilter@RXFSIDH_PTR                                                             cstackCOMRAM 00001B
CANSetFilter@RXFSIDL_PTR                                                             cstackCOMRAM 00001D
CANSetFilter@pObject                                                                 cstackCOMRAM 000010
CANSetFilter@ui8CanFltrNum                                                           cstackCOMRAM 00001A
CANSetMask@bDoubleBuffer                                                             cstackCOMRAM 000013
CANSetMask@pObject                                                                   cstackCOMRAM 000010
CANSetMask@ui8CanBfrNum                                                              cstackCOMRAM 000019
CANSetMask@ui8IDType                                                                 cstackCOMRAM 000012
CANSetMode@mode                                                                      cstackCOMRAM 000012
Clock_Init@ulCompareValue                                                            cstackCOMRAM 000014
Clock_Init@ulConstCompareValue                                                       cstackCOMRAM 000010
GPIOPinTypeGPIOOutput@Mask                                                           cstackCOMRAM 000010
GPIOPinTypeGPIOOutput@Port                                                           cstackCOMRAM 000011
GPIOPinWrite@Data                                                                    cstackCOMRAM 000011
GPIOPinWrite@Mask                                                                    cstackCOMRAM 000010
GPIOPinWrite@Port                                                                    cstackCOMRAM 000013
LCD_DispString@StrPtr                                                                cstackCOMRAM 000015
LCD_GoToXy@x                                                                         cstackCOMRAM 000016
LCD_GoToXy@y                                                                         cstackCOMRAM 000015
SendCommand@command_id                                                               cstackCOMRAM 000014
SendData@data                                                                        cstackCOMRAM 000014
_AllowTxFlag                                                                         bssBANK0     0000B3
_AvgMeasure                                                                          text24       00193E
_BRGCON1                                                                             (abs)        000F70
_BRGCON2                                                                             (abs)        000F71
_BRGCON3                                                                             (abs)        000F72
_CANCON                                                                              (abs)        000F6F
_CANInit                                                                             text20       00229A
_CANIntClear                                                                         text19       001D04
_CANIntEnable                                                                        text18       001BD6
_CANIntStatus                                                                        text33       0021A0
_CANMessageGet                                                                       text23       000618
_CANMessageSend                                                                      text22       000C0A
_CANSTAT                                                                             (abs)        000F6E
_CANSetBaudRate                                                                      text17       001E98
_CANSetFilter                                                                        text16       001492
_CANSetMask                                                                          text15       000F6A
_CANSetMode                                                                          text14       0020F6
_CCP1CONbits                                                                         (abs)        000FBD
_CCPR1H                                                                              (abs)        000FBF
_CCPR1L                                                                              (abs)        000FBE
_CIOCON                                                                              (abs)        000F73
_COMSTATbits                                                                         (abs)        000F74
_Clock_Init                                                                          text21       00209A
_ComInit                                                                             text13       00203C
_GIE                                                                                 (abs)        007F97
_GPIOPinTypeGPIOOutput                                                               text7        001F12
_GPIOPinWrite                                                                        text10       001C72
_Hcsr04_Init                                                                         text11       002254
_Hcsr04_Trigger                                                                      text30       00226C
_INTCONbits                                                                          (abs)        000FF2
_ISR                                                                                 intcode      000008
_LATA                                                                                (abs)        000F89
_LATB                                                                                (abs)        000F8A
_LATC                                                                                (abs)        000F8B
_LATD                                                                                (abs)        000F8C
_LATDbits                                                                            (abs)        000F8C
_LATE                                                                                (abs)        000F8D
_LCD_DispString                                                                      text8        001F7C
_LCD_GoToXy                                                                          text5        0021DC
_LCD_Init                                                                            text4        001E1C
_LedsInit                                                                            text3        00227E
_PIE1bits                                                                            (abs)        000F9D
_PIE3                                                                                (abs)        000FA3
_PIR1bits                                                                            (abs)        000F9E
_PIR3                                                                                (abs)        000FA4
_PIR3bits                                                                            (abs)        000FA4
_PORTA                                                                               (abs)        000F80
_PORTB                                                                               (abs)        000F81
_PORTBbits                                                                           (abs)        000F81
_PORTC                                                                               (abs)        000F82
_PORTD                                                                               (abs)        000F83
_PORTE                                                                               (abs)        000F84
_RXB0CON                                                                             (abs)        000F60
_RXB0CONbits                                                                         (abs)        000F60
_RXB0D0                                                                              (abs)        000F66
_RXB0DLC                                                                             (abs)        000F65
_RXB0EIDH                                                                            (abs)        000F63
_RXB0EIDL                                                                            (abs)        000F64
_RXB0SIDH                                                                            (abs)        000F61
_RXB0SIDL                                                                            (abs)        000F62
_RXB0SIDLbits                                                                        (abs)        000F62
_RXB1CON                                                                             (abs)        000F50
_RXB1CONbits                                                                         (abs)        000F50
_RXB1D0                                                                              (abs)        000F56
_RXB1DLC                                                                             (abs)        000F55
_RXB1EIDH                                                                            (abs)        000F53
_RXB1EIDL                                                                            (abs)        000F54
_RXB1SIDH                                                                            (abs)        000F51
_RXB1SIDL                                                                            (abs)        000F52
_RXB1SIDLbits                                                                        (abs)        000F52
_RXF0SIDH                                                                            (abs)        000F00
_RXF1SIDH                                                                            (abs)        000F04
_RXF2SIDH                                                                            (abs)        000F08
_RXF3SIDH                                                                            (abs)        000F0C
_RXF4SIDH                                                                            (abs)        000F10
_RXF5SIDH                                                                            (abs)        000F14
_RXM0EIDH                                                                            (abs)        000F1A
_RXM0EIDL                                                                            (abs)        000F1B
_RXM0SIDH                                                                            (abs)        000F18
_RXM0SIDL                                                                            (abs)        000F19
_RXM1EIDH                                                                            (abs)        000F1E
_RXM1EIDL                                                                            (abs)        000F1F
_RXM1SIDH                                                                            (abs)        000F1C
_RXM1SIDL                                                                            (abs)        000F1D
_Reply                                                                               bssCOMRAM    000036
_SendCommand                                                                         text6        001A9E
_SendData                                                                            text9        001B3A
_Sync_Arrival_Time                                                                   bssBANK0     0000A9
_T1CKPS0                                                                             (abs)        007E6C
_T1CKPS1                                                                             (abs)        007E6D
_T1RD16                                                                              (abs)        007E6F
_T3CONbits                                                                           (abs)        000FB1
_TMR1                                                                                (abs)        000FCE
_TMR1CS                                                                              (abs)        007E69
_TMR1ON                                                                              (abs)        007E68
_TMR3H                                                                               (abs)        000FB3
_TMR3L                                                                               (abs)        000FB2
_TRISA                                                                               (abs)        000F92
_TRISB                                                                               (abs)        000F93
_TRISBbits                                                                           (abs)        000F93
_TRISC                                                                               (abs)        000F94
_TRISD                                                                               (abs)        000F95
_TRISDbits                                                                           (abs)        000F95
_TRISE                                                                               (abs)        000F96
_TXB0CON                                                                             (abs)        000F40
_TXB1CON                                                                             (abs)        000F30
_Timer1_Init                                                                         text12       00228C
__CFG_BOR$ON                                                                         (abs)        000000
__CFG_BORV$25                                                                        (abs)        000000
__CFG_CP0$OFF                                                                        (abs)        000000
__CFG_CP1$OFF                                                                        (abs)        000000
__CFG_CP2$OFF                                                                        (abs)        000000
__CFG_CP3$OFF                                                                        (abs)        000000
__CFG_CPB$OFF                                                                        (abs)        000000
__CFG_CPD$OFF                                                                        (abs)        000000
__CFG_EBTR0$OFF                                                                      (abs)        000000
__CFG_EBTR1$OFF                                                                      (abs)        000000
__CFG_EBTR2$OFF                                                                      (abs)        000000
__CFG_EBTR3$OFF                                                                      (abs)        000000
__CFG_EBTRB$OFF                                                                      (abs)        000000
__CFG_LVP$OFF                                                                        (abs)        000000
__CFG_OSC$HSPLL                                                                      (abs)        000000
__CFG_OSCS$OFF                                                                       (abs)        000000
__CFG_PWRT$OFF                                                                       (abs)        000000
__CFG_STVR$ON                                                                        (abs)        000000
__CFG_WDT$OFF                                                                        (abs)        000000
__CFG_WDTPS$128                                                                      (abs)        000000
__CFG_WRT0$OFF                                                                       (abs)        000000
__CFG_WRT1$OFF                                                                       (abs)        000000
__CFG_WRT2$OFF                                                                       (abs)        000000
__CFG_WRT3$OFF                                                                       (abs)        000000
__CFG_WRTB$OFF                                                                       (abs)        000000
__CFG_WRTC$OFF                                                                       (abs)        000000
__CFG_WRTD$OFF                                                                       (abs)        000000
__HRAM                                                                               (abs)        000000
__Habs1                                                                              abs1         000000
__Hbank0                                                                             bank0        000000
__Hbank1                                                                             bank1        000000
__Hbank2                                                                             bank2        000000
__Hbank3                                                                             bank3        000000
__Hbank4                                                                             bank4        000000
__Hbank5                                                                             bank5        000000
__Hbigbss                                                                            bigbss       000000
__Hbigdata                                                                           bigdata      000000
__Hbigram                                                                            bigram       000000
__Hbss                                                                               bss          000000
__HbssBANK0                                                                          bssBANK0     000000
__HbssCOMRAM                                                                         bssCOMRAM    000000
__Hcinit                                                                             cinit        000000
__Hclrtext                                                                           clrtext      000000
__Hcomram                                                                            comram       000000
__Hconfig                                                                            config       30000E
__Hconst                                                                             const        000000
__HcstackBANK0                                                                       cstackBANK0  000000
__HcstackCOMRAM                                                                      cstackCOMRAM 000000
__Hdata                                                                              data         000000
__Heeprom_data                                                                       eeprom_data  000000
__Hfarbss                                                                            farbss       000000
__Hfardata                                                                           fardata      000000
__Hibigdata                                                                          ibigdata     000000
__Hidata                                                                             idata        000000
__Hidloc                                                                             idloc        200008
__Hifardata                                                                          ifardata     000000
__Hinit                                                                              init         0000D8
__Hintcode                                                                           intcode      0000D4
__Hintcode_body                                                                      intcode_body 000000
__Hintcodelo                                                                         intcodelo    0000D4
__Hintentry                                                                          intentry     000000
__Hintret                                                                            intret       000000
__Hintsave_regs                                                                      intsave_regs 000000
__Hirdata                                                                            irdata       000000
__Hmediumconst                                                                       mediumconst  000000
__HnvFARRAM                                                                          nvFARRAM     000000
__Hnvbit                                                                             nvbit        000000
__Hnvrram                                                                            nvrram       000000
__Hparam                                                                             rparam       000000
__Hpowerup                                                                           powerup      0000D4
__Hram                                                                               ram          000000
__Hramtop                                                                            ramtop       000600
__Hrbit                                                                              rbit         000000
__Hrbss                                                                              rbss         000000
__Hrdata                                                                             rdata        000000
__Hreset_vec                                                                         reset_vec    000006
__Hrparam                                                                            rparam       000000
__Hsfr                                                                               sfr          000000
__Hsmallconst                                                                        smallconst   000618
__Hspace_0                                                                           (abs)        30000E
__Hspace_1                                                                           (abs)        0000CB
__Hspace_2                                                                           (abs)        000000
__Hstack                                                                             stack        000000
__Hstruct                                                                            struct       000000
__Htemp                                                                              temp         000051
__Htext                                                                              text         000000
__Htext0                                                                             text0        000000
__Htext1                                                                             text1        000000
__Htext10                                                                            text10       000000
__Htext11                                                                            text11       000000
__Htext12                                                                            text12       000000
__Htext13                                                                            text13       000000
__Htext14                                                                            text14       000000
__Htext15                                                                            text15       000000
__Htext16                                                                            text16       000000
__Htext17                                                                            text17       000000
__Htext18                                                                            text18       000000
__Htext19                                                                            text19       000000
__Htext2                                                                             text2        000000
__Htext20                                                                            text20       000000
__Htext21                                                                            text21       000000
__Htext22                                                                            text22       000000
__Htext23                                                                            text23       000000
__Htext24                                                                            text24       000000
__Htext25                                                                            text25       000000
__Htext26                                                                            text26       000000
__Htext27                                                                            text27       000000
__Htext28                                                                            text28       000000
__Htext29                                                                            text29       000000
__Htext3                                                                             text3        000000
__Htext30                                                                            text30       000000
__Htext32                                                                            text32       000000
__Htext33                                                                            text33       000000
__Htext4                                                                             text4        000000
__Htext5                                                                             text5        000000
__Htext6                                                                             text6        000000
__Htext7                                                                             text7        000000
__Htext8                                                                             text8        000000
__Htext9                                                                             text9        000000
__LRAM                                                                               (abs)        000001
__Labs1                                                                              abs1         000000
__Lbank0                                                                             bank0        000000
__Lbank1                                                                             bank1        000000
__Lbank2                                                                             bank2        000000
__Lbank3                                                                             bank3        000000
__Lbank4                                                                             bank4        000000
__Lbank5                                                                             bank5        000000
__Lbigbss                                                                            bigbss       000000
__Lbigdata                                                                           bigdata      000000
__Lbigram                                                                            bigram       000000
__Lbss                                                                               bss          000000
__LbssBANK0                                                                          bssBANK0     000000
__LbssCOMRAM                                                                         bssCOMRAM    000000
__Lcinit                                                                             cinit        000000
__Lclrtext                                                                           clrtext      000000
__Lcomram                                                                            comram       000000
__Lconfig                                                                            config       300000
__Lconst                                                                             const        000000
__LcstackBANK0                                                                       cstackBANK0  000000
__LcstackCOMRAM                                                                      cstackCOMRAM 000000
__Ldata                                                                              data         000000
__Leeprom_data                                                                       eeprom_data  000000
__Lfarbss                                                                            farbss       000000
__Lfardata                                                                           fardata      000000
__Libigdata                                                                          ibigdata     000000
__Lidata                                                                             idata        000000
__Lidloc                                                                             idloc        200000
__Lifardata                                                                          ifardata     000000
__Linit                                                                              init         0000D4
__Lintcode                                                                           intcode      000008
__Lintcode_body                                                                      intcode_body 000000
__Lintcodelo                                                                         intcodelo    0000D4
__Lintentry                                                                          intentry     000000
__Lintret                                                                            intret       000000
__Lintsave_regs                                                                      intsave_regs 000000
__Lirdata                                                                            irdata       000000
__Lmediumconst                                                                       mediumconst  000000
__LnvFARRAM                                                                          nvFARRAM     000000
__Lnvbit                                                                             nvbit        000000
__Lnvrram                                                                            nvrram       000000
__Lparam                                                                             rparam       000000
__Lpowerup                                                                           powerup      0000D4
__Lram                                                                               ram          000000
__Lramtop                                                                            ramtop       000600
__Lrbit                                                                              rbit         000000
__Lrbss                                                                              rbss         000000
__Lrdata                                                                             rdata        000000
__Lreset_vec                                                                         reset_vec    000000
__Lrparam                                                                            rparam       000000
__Lsfr                                                                               sfr          000000
__Lsmallconst                                                                        smallconst   000600
__Lspace_0                                                                           (abs)        000000
__Lspace_1                                                                           (abs)        000000
__Lspace_2                                                                           (abs)        000000
__Lstack                                                                             stack        000000
__Lstruct                                                                            struct       000000
__Ltemp                                                                              temp         000050
__Ltext                                                                              text         000000
__Ltext0                                                                             text0        000000
__Ltext1                                                                             text1        000000
__Ltext10                                                                            text10       000000
__Ltext11                                                                            text11       000000
__Ltext12                                                                            text12       000000
__Ltext13                                                                            text13       000000
__Ltext14                                                                            text14       000000
__Ltext15                                                                            text15       000000
__Ltext16                                                                            text16       000000
__Ltext17                                                                            text17       000000
__Ltext18                                                                            text18       000000
__Ltext19                                                                            text19       000000
__Ltext2                                                                             text2        000000
__Ltext20                                                                            text20       000000
__Ltext21                                                                            text21       000000
__Ltext22                                                                            text22       000000
__Ltext23                                                                            text23       000000
__Ltext24                                                                            text24       000000
__Ltext25                                                                            text25       000000
__Ltext26                                                                            text26       000000
__Ltext27                                                                            text27       000000
__Ltext28                                                                            text28       000000
__Ltext29                                                                            text29       000000
__Ltext3                                                                             text3        000000
__Ltext30                                                                            text30       000000
__Ltext32                                                                            text32       000000
__Ltext33                                                                            text33       000000
__Ltext4                                                                             text4        000000
__Ltext5                                                                             text5        000000
__Ltext6                                                                             text6        000000
__Ltext7                                                                             text7        000000
__Ltext8                                                                             text8        000000
__Ltext9                                                                             text9        000000
__S0                                                                                 (abs)        30000E
__S1                                                                                 (abs)        0000CB
__S2                                                                                 (abs)        000000
___ftdiv                                                                             text28       001794
___ftdiv@cntr                                                                        cstackCOMRAM 000024
___ftdiv@exp                                                                         cstackCOMRAM 000028
___ftdiv@f1                                                                          cstackCOMRAM 00001B
___ftdiv@f2                                                                          cstackCOMRAM 00001E
___ftdiv@f3                                                                          cstackCOMRAM 000025
___ftdiv@sign                                                                        cstackCOMRAM 000029
___ftpack                                                                            text29       00187A
___ftpack@arg                                                                        cstackCOMRAM 000010
___ftpack@exp                                                                        cstackCOMRAM 000013
___ftpack@sign                                                                       cstackCOMRAM 000014
___fttol                                                                             text27       001684
___fttol@exp1                                                                        cstackBANK0  000065
___fttol@f1                                                                          cstackCOMRAM 00002A
___fttol@lval                                                                        cstackBANK0  000061
___fttol@sign1                                                                       cstackBANK0  000060
___inthi_sp                                                                          stack        000000
___intlo_sp                                                                          stack        000000
___lwdiv                                                                             text26       001FDC
___lwdiv@counter                                                                     cstackCOMRAM 000014
___lwdiv@dividend                                                                    cstackCOMRAM 000010
___lwdiv@divisor                                                                     cstackCOMRAM 000012
___lwdiv@quotient                                                                    cstackCOMRAM 000015
___lwmod                                                                             text2        002150
___lwmod@counter                                                                     cstackCOMRAM 000014
___lwmod@dividend                                                                    cstackCOMRAM 000010
___lwmod@divisor                                                                     cstackCOMRAM 000012
___lwtoft                                                                            text25       002206
___lwtoft@c                                                                          cstackCOMRAM 000018
___param_bank                                                                        (abs)        000000
___rparam_used                                                                       (abs)        000001
___sp                                                                                stack        000000
__accesstop                                                                          (abs)        000060
__activetblptr                                                                       (abs)        000002
__cntErrataNOP_D:\Users\Ahmed\Temp\s9o4.obj                                          (abs)        000001
__cntErrataNOP_dist/default/production\Tank_Monitor_Level_Sensor_Unit.production.obj (abs)        0000C7
__end_of_AvgMeasure                                                                  text24       0019F6
__end_of_CANInit                                                                     text20       0022A8
__end_of_CANIntClear                                                                 text19       001D90
__end_of_CANIntEnable                                                                text18       001C72
__end_of_CANIntStatus                                                                text33       0021DC
__end_of_CANMessageGet                                                               text23       000C0A
__end_of_CANMessageSend                                                              text22       000F6A
__end_of_CANSetBaudRate                                                              text17       001F12
__end_of_CANSetFilter                                                                text16       001684
__end_of_CANSetMask                                                                  text15       001250
__end_of_CANSetMode                                                                  text14       002150
__end_of_Clock_Init                                                                  text21       0020F6
__end_of_ComInit                                                                     text13       00209A
__end_of_GPIOPinTypeGPIOOutput                                                       text7        001F7C
__end_of_GPIOPinWrite                                                                text10       001D04
__end_of_Hcsr04_Init                                                                 text11       00226C
__end_of_Hcsr04_Trigger                                                              text30       00227E
__end_of_ISR                                                                         intcode      0000D4
__end_of_LCD_DispString                                                              text8        001FDC
__end_of_LCD_GoToXy                                                                  text5        002206
__end_of_LCD_Init                                                                    text4        001E98
__end_of_LedsInit                                                                    text3        00228C
__end_of_SendCommand                                                                 text6        001B3A
__end_of_SendData                                                                    text9        001BD6
__end_of_Timer1_Init                                                                 text12       00229A
__end_of___ftdiv                                                                     text28       00187A
__end_of___ftpack                                                                    text29       00193E
__end_of___fttol                                                                     text27       001794
__end_of___lwdiv                                                                     text26       00203C
__end_of___lwmod                                                                     text2        0021A0
__end_of___lwtoft                                                                    text25       00222E
__end_of__initialization                                                             cinit        002246
__end_of_itoa_new                                                                    text1        001A9E
__end_of_main                                                                        text0        001492
__end_of_speed                                                                       smallconst   000603
__end_ofi2_CANIntClear                                                               text32       001E1C
__initialization                                                                     cinit        00222E
__mediumconst                                                                        mediumconst  000000
__pbssBANK0                                                                          bssBANK0     0000A9
__pbssCOMRAM                                                                         bssCOMRAM    000036
__pcinit                                                                             cinit        00222E
__pcstackBANK0                                                                       cstackBANK0  000060
__pcstackCOMRAM                                                                      cstackCOMRAM 000001
__pintcode                                                                           intcode      000008
__psmallconst                                                                        smallconst   000600
__ptext0                                                                             text0        001250
__ptext1                                                                             text1        0019F6
__ptext10                                                                            text10       001C72
__ptext11                                                                            text11       002254
__ptext12                                                                            text12       00228C
__ptext13                                                                            text13       00203C
__ptext14                                                                            text14       0020F6
__ptext15                                                                            text15       000F6A
__ptext16                                                                            text16       001492
__ptext17                                                                            text17       001E98
__ptext18                                                                            text18       001BD6
__ptext19                                                                            text19       001D04
__ptext2                                                                             text2        002150
__ptext20                                                                            text20       00229A
__ptext21                                                                            text21       00209A
__ptext22                                                                            text22       000C0A
__ptext23                                                                            text23       000618
__ptext24                                                                            text24       00193E
__ptext25                                                                            text25       002206
__ptext26                                                                            text26       001FDC
__ptext27                                                                            text27       001684
__ptext28                                                                            text28       001794
__ptext29                                                                            text29       00187A
__ptext3                                                                             text3        00227E
__ptext30                                                                            text30       00226C
__ptext32                                                                            text32       001D90
__ptext33                                                                            text33       0021A0
__ptext4                                                                             text4        001E1C
__ptext5                                                                             text5        0021DC
__ptext6                                                                             text6        001A9E
__ptext7                                                                             text7        001F12
__ptext8                                                                             text8        001F7C
__ptext9                                                                             text9        001B3A
__ramtop                                                                             ramtop       000600
__size_of_AvgMeasure                                                                 (abs)        000000
__size_of_CANInit                                                                    (abs)        000000
__size_of_CANIntClear                                                                (abs)        000000
__size_of_CANIntEnable                                                               (abs)        000000
__size_of_CANIntStatus                                                               (abs)        000000
__size_of_CANMessageGet                                                              (abs)        000000
__size_of_CANMessageSend                                                             (abs)        000000
__size_of_CANSetBaudRate                                                             (abs)        000000
__size_of_CANSetFilter                                                               (abs)        000000
__size_of_CANSetMask                                                                 (abs)        000000
__size_of_CANSetMode                                                                 (abs)        000000
__size_of_Clock_Init                                                                 (abs)        000000
__size_of_ComInit                                                                    (abs)        000000
__size_of_GPIOPinTypeGPIOOutput                                                      (abs)        000000
__size_of_GPIOPinWrite                                                               (abs)        000000
__size_of_Hcsr04_Init                                                                (abs)        000000
__size_of_Hcsr04_Trigger                                                             (abs)        000000
__size_of_ISR                                                                        (abs)        000000
__size_of_LCD_DispString                                                             (abs)        000000
__size_of_LCD_GoToXy                                                                 (abs)        000000
__size_of_LCD_Init                                                                   (abs)        000000
__size_of_LedsInit                                                                   (abs)        000000
__size_of_SendCommand                                                                (abs)        000000
__size_of_SendData                                                                   (abs)        000000
__size_of_Timer1_Init                                                                (abs)        000000
__size_of___ftdiv                                                                    (abs)        000000
__size_of___ftpack                                                                   (abs)        000000
__size_of___fttol                                                                    (abs)        000000
__size_of___lwdiv                                                                    (abs)        000000
__size_of___lwmod                                                                    (abs)        000000
__size_of___lwtoft                                                                   (abs)        000000
__size_of_itoa_new                                                                   (abs)        000000
__size_of_main                                                                       (abs)        000000
__size_ofi2_CANIntClear                                                              (abs)        000000
__smallconst                                                                         smallconst   000600
_average_dist                                                                        bssCOMRAM    00004C
_bRxMsgFlag                                                                          bssBANK0     0000B4
_clockcounts                                                                         bssCOMRAM    00004A
_counter                                                                             bssCOMRAM    00004F
_dist                                                                                bssBANK0     0000B1
_distance                                                                            bssCOMRAM    000048
_itoa_new                                                                            text1        0019F6
_main                                                                                text0        001250
_rxCANMessage                                                                        bssBANK0     0000B5
_speed                                                                               smallconst   000601
_str_dist                                                                            bssBANK0     0000C7
_tickcntr                                                                            bssBANK0     0000AD
_ui8Status                                                                           bssCOMRAM    00004E
btemp                                                                                temp         000050
end_of_initialization                                                                cinit        002246
i2CANIntClear@type                                                                   cstackCOMRAM 000001
i2_CANIntClear                                                                       text32       001D90
int$flags                                                                            temp         000050
intlevel0                                                                            text         0022A8
intlevel1                                                                            text         0022A8
intlevel2                                                                            text         0022A8
intlevel3                                                                            text         0022A8
itoa_new@str                                                                         cstackCOMRAM 000019
itoa_new@temp_val                                                                    cstackCOMRAM 00001B
itoa_new@val                                                                         cstackCOMRAM 000017
main@Reply                                                                           cstackBANK0  000097
main@response_time                                                                   cstackBANK0  000091
main@sync_period                                                                     cstackBANK0  000095
main@ui16ReplyData                                                                   cstackBANK0  000093
stackhi                                                                              (abs)        0005FF
stacklo                                                                              (abs)        0000CB
start                                                                                init         0000D4
start_initialization                                                                 cinit        00222E


FUNCTION INFORMATION:

 *************** function _main *****************
 Defined at:
		line 131 in file "main.c"
 Parameters:    Size  Location     Type
		None
 Auto vars:     Size  Location     Type
  Reply          18   55[BANK0 ] struct .
  sync_period     2   53[BANK0 ] unsigned int 
  ui16ReplyDat    2   51[BANK0 ] unsigned int 
  response_tim    2   49[BANK0 ] unsigned int 
 Return value:  Size  Location     Type
                  2   65[None  ] int 
 Registers used:
		wreg, fsr0l, fsr0h, fsr1l, fsr1h, fsr2l, fsr2h, status,2, status,0, tblptrl, tblptrh, tblptru, cstack
 Tracked objects:
		On entry : 
		On exit  : 
		Unchanged: 
 Data sizes:     COMRAM   BANK0   BANK1   BANK2   BANK3   BANK4   BANK5
      Params:         0       0       0       0       0       0       0
      Locals:         0      24       0       0       0       0       0
      Temps:          0      12       0       0       0       0       0
      Totals:         0      36       0       0       0       0       0
Total ram usage:       36 bytes
 Hardware stack levels required when called:    6
 This function calls:
		_AvgMeasure
		_CANMessageGet
		_CANMessageSend
		_Clock_Init
		_ComInit
		_Hcsr04_Init
		_LCD_DispString
		_LCD_GoToXy
		_LCD_Init
		_LedsInit
		___lwdiv
		_itoa_new
 This function is called by:
		Startup code after reset
 This function uses a non-reentrant model


 *************** function _itoa_new *****************
 Defined at:
		line 113 in file "main.c"
 Parameters:    Size  Location     Type
  val             2   22[COMRAM] unsigned int 
  str             2   24[COMRAM] PTR unsigned char 
		 -> str_dist(4), 
 Auto vars:     Size  Location     Type
  temp_val        2   26[COMRAM] unsigned int 
 Return value:  Size  Location     Type
                  1    wreg      void 
 Registers used:
		wreg, fsr2l, fsr2h, status,2, status,0, cstack
 Tracked objects:
		On entry : 
		On exit  : 
		Unchanged: 
 Data sizes:     COMRAM   BANK0   BANK1   BANK2   BANK3   BANK4   BANK5
      Params:         4       0       0       0       0       0       0
      Locals:         2       0       0       0       0       0       0
      Temps:          0       0       0       0       0       0       0
      Totals:         6       0       0       0       0       0       0
Total ram usage:        6 bytes
 Hardware stack levels used:    1
 Hardware stack levels required when called:    3
 This function calls:
		___lwdiv
		___lwmod
 This function is called by:
		_main
 This function uses a non-reentrant model


 *************** function ___lwmod *****************
 Defined at:
		line 8 in file "C:\Program Files (x86)\Microchip\xc8\v1.41\sources\common\lwmod.c"
 Parameters:    Size  Location     Type
  dividend        2   15[COMRAM] unsigned int 
  divisor         2   17[COMRAM] unsigned int 
 Auto vars:     Size  Location     Type
  counter         1   19[COMRAM] unsigned char 
 Return value:  Size  Location     Type
                  2   15[COMRAM] unsigned int 
 Registers used:
		wreg, status,2, status,0
 Tracked objects:
		On entry : 
		On exit  : 
		Unchanged: 
 Data sizes:     COMRAM   BANK0   BANK1   BANK2   BANK3   BANK4   BANK5
      Params:         4       0       0       0       0       0       0
      Locals:         1       0       0       0       0       0       0
      Temps:          0       0       0       0       0       0       0
      Totals:         5       0       0       0       0       0       0
Total ram usage:        5 bytes
 Hardware stack levels used:    1
 Hardware stack levels required when called:    2
 This function calls:
		Nothing
 This function is called by:
		_itoa_new
 This function uses a non-reentrant model


 *************** function _LedsInit *****************
 Defined at:
		line 12 in file "Leds.c"
 Parameters:    Size  Location     Type
		None
 Auto vars:     Size  Location     Type
		None
 Return value:  Size  Location     Type
                  1    wreg      void 
 Registers used:
		None
 Tracked objects:
		On entry : 
		On exit  : 
		Unchanged: 
 Data sizes:     COMRAM   BANK0   BANK1   BANK2   BANK3   BANK4   BANK5
      Params:         0       0       0       0       0       0       0
      Locals:         0       0       0       0       0       0       0
      Temps:          0       0       0       0       0       0       0
      Totals:         0       0       0       0       0       0       0
Total ram usage:        0 bytes
 Hardware stack levels used:    1
 Hardware stack levels required when called:    2
 This function calls:
		Nothing
 This function is called by:
		_main
 This function uses a non-reentrant model


 *************** function _LCD_Init *****************
 Defined at:
		line 56 in file "lcd.c"
 Parameters:    Size  Location     Type
		None
 Auto vars:     Size  Location     Type
		None
 Return value:  Size  Location     Type
                  1    wreg      void 
 Registers used:
		wreg, status,2, status,0, cstack
 Tracked objects:
		On entry : 
		On exit  : 
		Unchanged: 
 Data sizes:     COMRAM   BANK0   BANK1   BANK2   BANK3   BANK4   BANK5
      Params:         0       0       0       0       0       0       0
      Locals:         0       0       0       0       0       0       0
      Temps:          2       0       0       0       0       0       0
      Totals:         2       0       0       0       0       0       0
Total ram usage:        2 bytes
 Hardware stack levels used:    1
 Hardware stack levels required when called:    5
 This function calls:
		_GPIOPinTypeGPIOOutput
		_GPIOPinWrite
		_LCD_GoToXy
		_SendCommand
 This function is called by:
		_main
 This function uses a non-reentrant model


 *************** function _LCD_GoToXy *****************
 Defined at:
		line 109 in file "lcd.c"
 Parameters:    Size  Location     Type
  x               1    wreg     unsigned char 
  y               1   20[COMRAM] unsigned char 
 Auto vars:     Size  Location     Type
  x               1   21[COMRAM] unsigned char 
 Return value:  Size  Location     Type
                  1    wreg      void 
 Registers used:
		wreg, status,2, status,0, cstack
 Tracked objects:
		On entry : 
		On exit  : 
		Unchanged: 
 Data sizes:     COMRAM   BANK0   BANK1   BANK2   BANK3   BANK4   BANK5
      Params:         1       0       0       0       0       0       0
      Locals:         1       0       0       0       0       0       0
      Temps:          0       0       0       0       0       0       0
      Totals:         2       0       0       0       0       0       0
Total ram usage:        2 bytes
 Hardware stack levels used:    1
 Hardware stack levels required when called:    4
 This function calls:
		_SendCommand
 This function is called by:
		_main
		_LCD_Init
 This function uses a non-reentrant model


 *************** function _SendCommand *****************
 Defined at:
		line 16 in file "lcd.c"
 Parameters:    Size  Location     Type
  command_id      1    wreg     unsigned char 
 Auto vars:     Size  Location     Type
  command_id      1   19[COMRAM] unsigned char 
 Return value:  Size  Location     Type
                  1    wreg      void 
 Registers used:
		wreg, status,2, status,0, cstack
 Tracked objects:
		On entry : 
		On exit  : 
		Unchanged: 
 Data sizes:     COMRAM   BANK0   BANK1   BANK2   BANK3   BANK4   BANK5
      Params:         0       0       0       0       0       0       0
      Locals:         1       0       0       0       0       0       0
      Temps:          0       0       0       0       0       0       0
      Totals:         1       0       0       0       0       0       0
Total ram usage:        1 bytes
 Hardware stack levels used:    1
 Hardware stack levels required when called:    3
 This function calls:
		_GPIOPinWrite
 This function is called by:
		_LCD_Init
		_LCD_GoToXy
		_LCD_Clear
 This function uses a non-reentrant model


 *************** function _GPIOPinTypeGPIOOutput *****************
 Defined at:
		line 39 in file "gpio.c"
 Parameters:    Size  Location     Type
  Port            1    wreg     unsigned char 
  Mask            1   15[COMRAM] unsigned char 
 Auto vars:     Size  Location     Type
[...]
Total ram usage:        1 bytes
 Hardware stack levels used:    1
 Hardware stack levels required when called:    2
 This function calls:
		Nothing
 This function is called by:
		_ComInit
 This function uses a non-reentrant model


 *************** function _CANInit *****************
 Defined at:
		line 10 in file "CAN.c"
 Parameters:    Size  Location     Type
		None
 Auto vars:     Size  Location     Type
		None
 Return value:  Size  Location     Type
                  1    wreg      void 
 Registers used:
		wreg, status,2
 Tracked objects:
		On entry : 
		On exit  : 
		Unchanged: 
 Data sizes:     COMRAM   BANK0   BANK1   BANK2   BANK3   BANK4   BANK5
      Params:         0       0       0       0       0       0       0
      Locals:         0       0       0       0       0       0       0
      Temps:          0       0       0       0       0       0       0
      Totals:         0       0       0       0       0       0       0
Total ram usage:        0 bytes
 Hardware stack levels used:    1
 Hardware stack levels required when called:    2
 This function calls:
		Nothing
 This function is called by:
		_ComInit
 This function uses a non-reentrant model


 *************** function _Clock_Init *****************
 Defined at:
		line 18 in file "clock.c"
 Parameters:    Size  Location     Type
		None
 Auto vars:     Size  Location     Type
  ulCompareVal    4   19[COMRAM] unsigned long 
  ulConstCompa    4   15[COMRAM] const unsigned long 
 Return value:  Size  Location     Type
                  1    wreg      void 
 Registers used:
		wreg, status,2
 Tracked objects:
		On entry : 
		On exit  : 
		Unchanged: 
 Data sizes:     COMRAM   BANK0   BANK1   BANK2   BANK3   BANK4   BANK5
      Params:         0       0       0       0       0       0       0
      Locals:         8       0       0       0       0       0       0
      Temps:          0       0       0       0       0       0       0
      Totals:         8       0       0       0       0       0       0
Total ram usage:        8 bytes
 Hardware stack levels used:    1
 Hardware stack levels required when called:    2
 This function calls:
		Nothing
 This function is called by:
		_main
 This function uses a non-reentrant model


 *************** function _CANMessageSend *****************
 Defined at:
		line 354 in file "CAN.c"
 Parameters:    Size  Location     Type
  psMsgObject     2   15[COMRAM] PTR struct .
		 -> main@Reply(18), 
  FrameType       1   17[COMRAM] unsigned char 
 Auto vars:     Size  Location     Type
  data_ptr        2   36[COMRAM] PTR volatile unsigned ch
		 -> main@sync_period(2), main@ui16ReplyData(2), 
  data_reg_ptr    2   34[COMRAM] PTR volatile unsigned ch
		 -> TXB0CON(1), 
  i               2   32[COMRAM] int 
  TXBSIDL_PTR     2   46[COMRAM] PTR volatile unsigned ch
		 -> TXB0CON(1), 
  TXB_BASE_ADD    2   44[COMRAM] PTR volatile unsigned ch
		 -> TXB0CON(1), 
  TXBDLC_PTR      2   42[COMRAM] PTR volatile unsigned ch
		 -> TXB0CON(1), 
  TXBSIDH_PTR     2   40[COMRAM] PTR volatile unsigned ch
		 -> TXB0CON(1), 
  TXBCON_PTR      2   38[COMRAM] PTR volatile unsigned ch
		 -> TXB0CON(1), 
  TXBD0_PTR       2   30[COMRAM] PTR volatile unsigned ch
		 -> TXB0CON(1), 
  TXBEIDL_PTR     2   28[COMRAM] PTR volatile unsigned ch
		 -> TXB0CON(1), 
  TXBEIDH_PTR     2   26[COMRAM] PTR volatile unsigned ch
		 -> TXB0CON(1), 
 Return value:  Size  Location     Type
                  1    wreg      void 
 Registers used:
		wreg, fsr1l, fsr1h, fsr2l, fsr2h, status,2, status,0
 Tracked objects:
		On entry : 
		On exit  : 
		Unchanged: 
 Data sizes:     COMRAM   BANK0   BANK1   BANK2   BANK3   BANK4   BANK5
      Params:         3       0       0       0       0       0       0
      Locals:        22       0       0       0       0       0       0
      Temps:          8       0       0       0       0       0       0
      Totals:        33       0       0       0       0       0       0
Total ram usage:       33 bytes
 Hardware stack levels used:    1
 Hardware stack levels required when called:    2
 This function calls:
		Nothing
 This function is called by:
		_main
 This function uses a non-reentrant model


 *************** function _CANMessageGet *****************
 Defined at:
		line 218 in file "CAN.c"
 Parameters:    Size  Location     Type
  psMsgObject     2   15[COMRAM] PTR struct .
		 -> rxCANMessage(18), 
  bClrPendingI    1   17[COMRAM] unsigned char 
 Auto vars:     Size  Location     Type
  data_ptr        2   28[COMRAM] PTR volatile unsigned ch
		 -> main@sync_period(2), main@ui16ReplyData(2), 
  rxBuffer_ptr    2   26[COMRAM] PTR volatile unsigned ch
		 -> RXB1D0(1), 
  i               2   24[COMRAM] int 
  data_ptr        2   22[COMRAM] PTR volatile unsigned ch
		 -> main@sync_period(2), main@ui16ReplyData(2), 
  rxBuffer_ptr    2   20[COMRAM] PTR volatile unsigned ch
		 -> RXB0D0(1), 
  i               2   18[COMRAM] int 
  RXMsgFlag       1   30[COMRAM] unsigned char 
 Return value:  Size  Location     Type
                  1    wreg      unsigned char 
 Registers used:
		wreg, fsr1l, fsr1h, fsr2l, fsr2h, status,2, status,0
 Tracked objects:
		On entry : 
		On exit  : 
		Unchanged: 
 Data sizes:     COMRAM   BANK0   BANK1   BANK2   BANK3   BANK4   BANK5
      Params:         3       0       0       0       0       0       0
      Locals:        13       0       0       0       0       0       0
      Temps:          0      37       0       0       0       0       0
      Totals:        16      37       0       0       0       0       0
Total ram usage:       53 bytes
 Hardware stack levels used:    1
 Hardware stack levels required when called:    2
 This function calls:
		Nothing
 This function is called by:
		_main
 This function uses a non-reentrant model


 *************** function _AvgMeasure *****************
 Defined at:
		line 34 in file "measure.c"
 Parameters:    Size  Location     Type
		None
 Auto vars:     Size  Location     Type
  average_dist    2    7[BANK0 ] unsigned int 
  counter         1    6[BANK0 ] unsigned char 
 Return value:  Size  Location     Type
                  2   50[COMRAM] unsigned int 
 Registers used:
		wreg, status,2, status,0, cstack
 Tracked objects:
		On entry : 
		On exit  : 
		Unchanged: 
 Data sizes:     COMRAM   BANK0   BANK1   BANK2   BANK3   BANK4   BANK5
      Params:         2       0       0       0       0       0       0
      Locals:         0       3       0       0       0       0       0
      Temps:          1       0       0       0       0       0       0
      Totals:         3       3       0       0       0       0       0
Total ram usage:        6 bytes
 Hardware stack levels used:    1
 Hardware stack levels required when called:    4
 This function calls:
		_Hcsr04_Trigger
		___ftdiv
		___fttol
		___lwdiv
		___lwtoft
 This function is called by:
		_main
 This function uses a non-reentrant model


 *************** function ___lwtoft *****************
 Defined at:
		line 28 in file "C:\Program Files (x86)\Microchip\xc8\v1.41\sources\common\lwtoft.c"
 Parameters:    Size  Location     Type
  c               2   23[COMRAM] unsigned int 
 Auto vars:     Size  Location     Type
		None
 Return value:  Size  Location     Type
                  3   23[COMRAM] float 
 Registers used:
		wreg, status,2, status,0, cstack
 Tracked objects:
		On entry : 
		On exit  : 
		Unchanged: 
 Data sizes:     COMRAM   BANK0   BANK1   BANK2   BANK3   BANK4   BANK5
      Params:         3       0       0       0       0       0       0
      Locals:         0       0       0       0       0       0       0
      Temps:          0       0       0       0       0       0       0
      Totals:         3       0       0       0       0       0       0
Total ram usage:        3 bytes
 Hardware stack levels used:    1
 Hardware stack levels required when called:    3
 This function calls:
		___ftpack
 This function is called by:
		_AvgMeasure
		_measure
 This function uses a non-reentrant model


 *************** function ___lwdiv *****************
 Defined at:
		line 8 in file "C:\Program Files (x86)\Microchip\xc8\v1.41\sources\common\lwdiv.c"
 Parameters:    Size  Location     Type
  dividend        2   15[COMRAM] unsigned int 
  divisor         2   17[COMRAM] unsigned int 
 Auto vars:     Size  Location     Type
  quotient        2   20[COMRAM] unsigned int 
  counter         1   19[COMRAM] unsigned char 
 Return value:  Size  Location     Type
                  2   15[COMRAM] unsigned int 
 Registers used:
		wreg, status,2, status,0
 Tracked objects:
		On entry : 
		On exit  : 
		Unchanged: 
 Data sizes:     COMRAM   BANK0   BANK1   BANK2   BANK3   BANK4   BANK5
      Params:         4       0       0       0       0       0       0
      Locals:         3       0       0       0       0       0       0
      Temps:          0       0       0       0       0       0       0
      Totals:         7       0       0       0       0       0       0
Total ram usage:        7 bytes
 Hardware stack levels used:    1
 Hardware stack levels required when called:    2
 This function calls:
		Nothing
 This function is called by:
		_itoa_new
		_main
		_AvgMeasure
 This function uses a non-reentrant model


 *************** function ___fttol *****************
 Defined at:
		line 44 in file "C:\Program Files (x86)\Microchip\xc8\v1.41\sources\common\fttol.c"
 Parameters:    Size  Location     Type
  f1              3   41[COMRAM] float 
 Auto vars:     Size  Location     Type
  lval            4    1[BANK0 ] unsigned long 
  exp1            1    5[BANK0 ] unsigned char 
  sign1           1    0[BANK0 ] unsigned char 
 Return value:  Size  Location     Type
                  4   41[COMRAM] long 
 Registers used:
		wreg, status,2, status,0
 Tracked objects:
		On entry : 
		On exit  : 
		Unchanged: 
 Data sizes:     COMRAM   BANK0   BANK1   BANK2   BANK3   BANK4   BANK5
      Params:         4       0       0       0       0       0       0
      Locals:         0       6       0       0       0       0       0
      Temps:          5       0       0       0       0       0       0
      Totals:         9       6       0       0       0       0       0
Total ram usage:       15 bytes
 Hardware stack levels used:    1
 Hardware stack levels required when called:    2
 This function calls:
		Nothing
 This function is called by:
		_AvgMeasure
		_measure
 This function uses a non-reentrant model


 *************** function ___ftdiv *****************
 Defined at:
		line 54 in file "C:\Program Files (x86)\Microchip\xc8\v1.41\sources\common\ftdiv.c"
 Parameters:    Size  Location     Type
  f1              3   26[COMRAM] float 
  f2              3   29[COMRAM] float 
 Auto vars:     Size  Location     Type
  f3              3   36[COMRAM] float 
  sign            1   40[COMRAM] unsigned char 
  exp             1   39[COMRAM] unsigned char 
  cntr            1   35[COMRAM] unsigned char 
 Return value:  Size  Location     Type
                  3   26[COMRAM] float 
 Registers used:
		wreg, status,2, status,0, cstack
 Tracked objects:
		On entry : 
		On exit  : 
		Unchanged: 
 Data sizes:     COMRAM   BANK0   BANK1   BANK2   BANK3   BANK4   BANK5
      Params:         6       0       0       0       0       0       0
      Locals:         6       0       0       0       0       0       0
      Temps:          3       0       0       0       0       0       0
      Totals:        15       0       0       0       0       0       0
Total ram usage:       15 bytes
 Hardware stack levels used:    1
 Hardware stack levels required when called:    3
 This function calls:
		___ftpack
 This function is called by:
		_AvgMeasure
		_measure
 This function uses a non-reentrant model


 *************** function ___ftpack *****************
 Defined at:
		line 62 in file "C:\Program Files (x86)\Microchip\xc8\v1.41\sources\common\float.c"
 Parameters:    Size  Location     Type
  arg             3   15[COMRAM] unsigned um
  exp             1   18[COMRAM] unsigned char 
  sign            1   19[COMRAM] unsigned char 
 Auto vars:     Size  Location     Type
		None
 Return value:  Size  Location     Type
                  3   15[COMRAM] float 
 Registers used:
		wreg, status,2, status,0
 Tracked objects:
		On entry : 
		On exit  : 
		Unchanged: 
 Data sizes:     COMRAM   BANK0   BANK1   BANK2   BANK3   BANK4   BANK5
      Params:         5       0       0       0       0       0       0
      Locals:         0       0       0       0       0       0       0
      Temps:          3       0       0       0       0       0       0
      Totals:         8       0       0       0       0       0       0
Total ram usage:        8 bytes
 Hardware stack levels used:    1
 Hardware stack levels required when called:    2
 This function calls:
		Nothing
 This function is called by:
		___ftdiv
		___lwtoft
 This function uses a non-reentrant model


 *************** function _Hcsr04_Trigger *****************
 Defined at:
		line 28 in file "hcsr04.c"
 Parameters:    Size  Location     Type
		None
 Auto vars:     Size  Location     Type
		None
 Return value:  Size  Location     Type
                  1    wreg      void 
 Registers used:
		wreg
 Tracked objects:
		On entry : 
		On exit  : 
		Unchanged: 
 Data sizes:     COMRAM   BANK0   BANK1   BANK2   BANK3   BANK4   BANK5
      Params:         0       0       0       0       0       0       0
      Locals:         0       0       0       0       0       0       0
      Temps:          0       0       0       0       0       0       0
      Totals:         0       0       0       0       0       0       0
Total ram usage:        0 bytes
 Hardware stack levels used:    1
 Hardware stack levels required when called:    2
 This function calls:
		Nothing
 This function is called by:
		_AvgMeasure
		_measure
 This function uses a non-reentrant model


 *************** function _ISR *****************
 Defined at:
		line 252 in file "main.c"
 Parameters:    Size  Location     Type
		None
 Auto vars:     Size  Location     Type
		None
 Return value:  Size  Location     Type
                  1    wreg      void 
 Registers used:
		wreg, status,2, status,0, cstack
 Tracked objects:
		On entry : 
		On exit  : 
		Unchanged: 
 Data sizes:     COMRAM   BANK0   BANK1   BANK2   BANK3   BANK4   BANK5
      Params:         0       0       0       0       0       0       0
      Locals:         0       0       0       0       0       0       0
      Temps:         14       0       0       0       0       0       0
      Totals:        14       0       0       0       0       0       0
Total ram usage:       14 bytes
 Hardware stack levels used:    1
 Hardware stack levels required when called:    1
 This function calls:
		_CANIntStatus
		i2_CANIntClear
 This function is called by:
		Interrupt level 2
 This function uses a non-reentrant model


 *************** function i2_CANIntClear *****************
 Defined at:
		line 554 in file "CAN.c"
 Parameters:    Size  Location     Type
  type            1    wreg     unsigned char 
 Auto vars:     Size  Location     Type
  type            1    0[COMRAM] unsigned char 
 Return value:  Size  Location     Type
                  1    wreg      void 
 Registers used:
		wreg, status,2, status,0
 Tracked objects:
		On entry : 
		On exit  : 
		Unchanged: 
 Data sizes:     COMRAM   BANK0   BANK1   BANK2   BANK3   BANK4   BANK5
      Params:         0       0       0       0       0       0       0
      Locals:         1       0       0       0       0       0       0
      Temps:          0       0       0       0       0       0       0
      Totals:         1       0       0       0       0       0       0
Total ram usage:        1 bytes
 Hardware stack levels used:    1
 This function calls:
		Nothing
 This function is called by:
		_ISR
 This function uses a non-reentrant model


 *************** function _CANIntStatus *****************
 Defined at:
		line 607 in file "CAN.c"
 Parameters:    Size  Location     Type
		None
 Auto vars:     Size  Location     Type
  status          1    0[COMRAM] unsigned char 
 Return value:  Size  Location     Type
                  1    wreg      unsigned char 
 Registers used:
		wreg, status,2, status,0
 Tracked objects:
		On entry : 
		On exit  : 
		Unchanged: 
 Data sizes:     COMRAM   BANK0   BANK1   BANK2   BANK3   BANK4   BANK5
      Params:         0       0       0       0       0       0       0
      Locals:         1       0       0       0       0       0       0
      Temps:          0       0       0       0       0       0       0
      Totals:         1       0       0       0       0       0       0
Total ram usage:        1 bytes
 Hardware stack levels used:    1
 This function calls:
		Nothing
 This function is called by:
		_ISR
 This function uses a non-reentrant model



MODULE INFORMATION

Module		Function		Class		Link	Load	Size
C:\Program Files (x86)\Microchip\xc8\v1.41\sources\common\lwdiv.c
		___lwdiv       		CODE           	1FDC	0000	97

C:\Program Files (x86)\Microchip\xc8\v1.41\sources\common\lwdiv.c estimated size: 97

hcsr04.c
		_Hcsr04_Init   		CODE           	2254	0000	25
		_Hcsr04_Trigger		CODE           	226C	0000	19

hcsr04.c estimated size: 44

clock.c
		_Clock_Init    		CODE           	209A	0000	93

clock.c estimated size: 93

C:\Program Files (x86)\Microchip\xc8\v1.41\sources\common\fttol.c
		___fttol       		CODE           	1684	0000	273

C:\Program Files (x86)\Microchip\xc8\v1.41\sources\common\fttol.c estimated size: 273

Leds.c
		_LedsInit      		CODE           	227E	0000	15

Leds.c estimated size: 15

C:\Program Files (x86)\Microchip\xc8\v1.41\sources\common\float.c
		___ftpack      		CODE           	187A	0000	197

C:\Program Files (x86)\Microchip\xc8\v1.41\sources\common\float.c estimated size: 197

shared
		__initialization		CODE           	222E	0000	25
		i2_CANIntClear 		CODE           	1D90	0000	141
		_speed         		SMALLCONST     	0601	0000	3

shared estimated size: 169

C:\Program Files (x86)\Microchip\xc8\v1.41\sources\common\lwmod.c
		___lwmod       		CODE           	2150	0000	81

C:\Program Files (x86)\Microchip\xc8\v1.41\sources\common\lwmod.c estimated size: 81

measure.c
		_AvgMeasure    		CODE           	193E	0000	185

measure.c estimated size: 185

lcd.c
		_LCD_Init      		CODE           	1E1C	0000	125
		_SendCommand   		CODE           	1A9E	0000	157
		_SendData      		CODE           	1B3A	0000	157
		_LCD_GoToXy    		CODE           	21DC	0000	43
		_LCD_DispString		CODE           	1F7C	0000	97

lcd.c estimated size: 579

gpio.c
		_GPIOPinWrite  		CODE           	1C72	0000	147
		_GPIOPinTypeGPIOOutput		CODE           	1F12	0000	107

gpio.c estimated size: 254

timer1.c
		_Timer1_Init   		CODE           	228C	0000	15

timer1.c estimated size: 15

C:\Program Files (x86)\Microchip\xc8\v1.41\sources\common\lwtoft.c
		___lwtoft      		CODE           	2206	0000	41

C:\Program Files (x86)\Microchip\xc8\v1.41\sources\common\lwtoft.c estimated size: 41

main.c
		_ISR           		CODE           	0008	0000	205
		_main          		CODE           	1250	0000	579
		_itoa_new      		CODE           	19F6	0000	169

main.c estimated size: 953

com_can.c
		_ComInit       		CODE           	203C	0000	95

com_can.c estimated size: 95

CAN.c
		_CANIntEnable  		CODE           	1BD6	0000	157
		_CANSetFilter  		CODE           	1492	0000	499
		_CANMessageGet 		CODE           	0618	0000	1523
		_CANMessageSend		CODE           	0C0A	0000	865
		_CANSetBaudRate		CODE           	1E98	0000	123
		_CANInit       		CODE           	229A	0000	15
		_CANIntClear   		CODE           	1D04	0000	141
		_CANIntStatus  		CODE           	21A0	0000	61
		_CANSetMode    		CODE           	20F6	0000	91
		_CANSetMask    		CODE           	0F6A	0000	743

CAN.c estimated size: 4218

C:\Program Files (x86)\Microchip\xc8\v1.41\sources\common\ftdiv.c
		___ftdiv       		CODE           	1794	0000	231

C:\Program Files (x86)\Microchip\xc8\v1.41\sources\common\ftdiv.c estimated size: 231

